// Vitest Snapshot v1

exports[`Test on <GifItem /> > It should match with the snapshot 1`] = `
<div>
  <div
    class="card"
  >
    <img
      alt="A Title"
      src="https://localhost/something.jpg"
    />
    <p>
      A Title
    </p>
  </div>
</div>
`;
